// Jest Snapshot v1, https://goo.gl/fbAQLP

exports[`TaskForm rendering renders 1`] = `
<t>
  <Grid>
    <GridRow>
      <GridColumn
        widthXS={12}
      >
        <t
          label="Name"
        >
          <t
            autoFocus={false}
            autocomplete="off"
            disabledTitleText="This input is disabled"
            name="name"
            onChange={[MockFunction]}
            placeholder="Name your task"
            size="sm"
            spellCheck={false}
            status="default"
            testID="input-field"
            titleText=""
            type="text"
            value=""
          />
        </t>
      </GridColumn>
      <GridColumn
        widthXS={12}
      >
        <t
          label="Owner"
        >
          <TaskOptionsOrgIDDropdown
            onChangeOrgID={[MockFunction]}
            orgs={Array []}
          />
        </t>
      </GridColumn>
      <GridColumn
        widthXS={12}
      >
        <t
          label="Schedule Task"
        >
          <t
            align="left"
            stackChildren="rows"
            stretchToFitHeight={false}
            stretchToFitWidth={false}
            testID="component-spacer"
          >
            <t
              color="primary"
              shape="stretch"
              size="sm"
              testID="radio-button"
            >
              <t
                active={false}
                disabled={false}
                disabledTitleText="This option is disabled"
                id="every"
                onClick={[Function]}
                titleText="Run task at regular intervals"
                value="interval"
              >
                Every
              </t>
              <t
                active={false}
                disabled={false}
                disabledTitleText="This option is disabled"
                id="cron"
                onClick={[Function]}
                titleText="Use cron syntax for more control over scheduling"
                value="cron"
              >
                Cron
              </t>
            </t>
          </t>
        </t>
      </GridColumn>
      <TaskScheduleFormFields
        onChangeInput={[MockFunction]}
      />
    </GridRow>
  </Grid>
</t>
`;
