// Jest Snapshot v1, https://goo.gl/fbAQLP

exports[`ScraperTarget rendering renders! 1`] = `
<Grid>
  <GridRow>
    <GridColumn
      offsetXS={2}
      widthXS={8}
    >
      <FormElement
        label="Bucket"
      >
        <Dropdown
          buttonColor="default"
          buttonSize="sm"
          maxMenuHeight={250}
          menuColor="sapphire"
          mode="radio"
          onChange={[MockFunction]}
          selectedID="empty"
          status="default"
          titleText=""
          wrapText={false}
        >
          <DropdownItem
            checkbox={false}
            id="empty"
            key="none"
            selected={false}
            value="No buckets found"
          >
            No buckets found
          </DropdownItem>
        </Dropdown>
      </FormElement>
    </GridColumn>
    <GridColumn
      offsetXS={2}
      widthXS={8}
    >
      <FormElement
        errorMessage="target URL is empty"
        label="Target URL"
      >
        <Input
          autoFocus={true}
          autocomplete="off"
          disabledTitleText="This input is disabled"
          name=""
          onChange={[Function]}
          placeholder=""
          size="md"
          spellCheck={false}
          status="error"
          titleText="Target URL"
          type="text"
          value=""
        />
      </FormElement>
    </GridColumn>
  </GridRow>
</Grid>
`;
