// Jest Snapshot v1, https://goo.gl/fbAQLP

exports[`Onboarding.Components.AdminStep renders 1`] = `
<div
  className="onboarding-step"
>
  <t
    onSubmit={[Function]}
  >
    <div
      className="wizard-step--scroll-area"
    >
      <FancyScrollbar
        autoHeight={false}
        autoHide={false}
        hideTracksWhenNotNeeded={true}
        maxHeight={null}
        setScrollTop={[Function]}
        style={Object {}}
      >
        <div
          className="wizard-step--scroll-content"
        >
          <h3
            className="wizard-step--title"
          >
            Setup Initial User
          </h3>
          <h5
            className="wizard-step--sub-title"
          >
            You will be able to create additional Users, Buckets and Organizations later
          </h5>
          <Grid>
            <GridRow>
              <GridColumn
                offsetMD={1}
                widthMD={10}
                widthXS={12}
              >
                <t
                  label="Username"
                >
                  <t
                    autoFocus={true}
                    autocomplete="off"
                    disabledTitleText="Username has been set"
                    icon={null}
                    name=""
                    onChange={[Function]}
                    placeholder=""
                    size="md"
                    spellCheck={false}
                    status="default"
                    testID="input-field"
                    titleText="Username"
                    type="text"
                    value=""
                  />
                </t>
              </GridColumn>
              <GridColumn
                offsetMD={1}
                widthMD={5}
                widthXS={6}
              >
                <t
                  label="Password"
                >
                  <t
                    autoFocus={false}
                    autocomplete="off"
                    disabledTitleText="Password has been set"
                    icon={null}
                    name=""
                    onChange={[Function]}
                    placeholder=""
                    size="md"
                    spellCheck={false}
                    status="default"
                    testID="input-field"
                    titleText="Password"
                    type="password"
                    value=""
                  />
                </t>
              </GridColumn>
              <GridColumn
                widthMD={5}
                widthXS={6}
              >
                <t
                  errorMessage={false}
                  label="Confirm Password"
                >
                  <t
                    autoFocus={false}
                    autocomplete="off"
                    disabledTitleText="password has been set"
                    icon={null}
                    name=""
                    onChange={[Function]}
                    placeholder=""
                    size="md"
                    spellCheck={false}
                    status="default"
                    testID="input-field"
                    titleText="Confirm Password"
                    type="password"
                    value=""
                  />
                </t>
              </GridColumn>
              <GridColumn
                offsetMD={1}
                widthMD={10}
                widthXS={12}
              >
                <t
                  label="Initial Organization Name"
                  labelAddOn={[Function]}
                >
                  <t
                    autoFocus={false}
                    autocomplete="off"
                    disabledTitleText="Initial organization name has been set"
                    icon={null}
                    name=""
                    onChange={[Function]}
                    placeholder="An organization is a workspace for a group of users."
                    size="md"
                    spellCheck={false}
                    status="default"
                    testID="input-field"
                    titleText="Initial Organization Name"
                    type="text"
                    value=""
                  />
                </t>
              </GridColumn>
              <GridColumn
                offsetMD={1}
                widthMD={10}
                widthXS={12}
              >
                <t
                  label="Initial Bucket Name"
                  labelAddOn={[Function]}
                >
                  <t
                    autoFocus={false}
                    autocomplete="off"
                    disabledTitleText="Initial bucket name has been set"
                    icon={null}
                    name=""
                    onChange={[Function]}
                    placeholder="A bucket is where your time series data is stored with a retention policy."
                    size="md"
                    spellCheck={false}
                    status="default"
                    testID="input-field"
                    titleText="Initial Bucket Name"
                    type="text"
                    value=""
                  />
                </t>
              </GridColumn>
            </GridRow>
          </Grid>
        </div>
      </FancyScrollbar>
    </div>
    <OnboardingButtons
      autoFocusNext={false}
      backButtonText="Previous"
      nextButtonStatus="disabled"
      nextButtonText="Continue"
      showSkip={false}
      skipButtonText="Skip"
    />
  </t>
</div>
`;
